== EXP- como token, framework sin _legacy
0
== EXP- en _legacy
0
== EXP- Documentacion
0
== EXP- Lab-Geometria main
0
== EXP- RPI.VideoControl HEAD
0
== familias alcanzadas y excluidas de Root-Rules.md §9.2 (líneas)
443:**Familias alcanzadas.** Toda familia que catalogue elementos de una colección **de un producto o del conjunto normativo** (§9.1). **Del conjunto normativo: `AG`**, los roles del catálogo de especialidades y los subagentes de fase. Del producto: `NB`,
== «expediente» en el conjunto normativo (sin _legacy), con su línea
/IA/SDD/IA.SDD/SDD/Devs/Rules/Migracion-Rules.md:669:y que se mide sobre el caso real en el expediente de la intervención que escribió esta sección, no se
== «expediente» en Documentacion: archivos
IA/SDD/IA.SDD.Documentacion/PROMPTs/Fixs/05-Fix-Reporte-27/OUTPUTs/Mesa-2026-09-12-Colision-Lexica/01-Informe-Requisitos.md
IA/SDD/IA.SDD.Documentacion/PROMPTs/Fixs/05-Fix-Reporte-27/OUTPUTs/Mesa-2026-09-12-Colision-Lexica/02-Informe-Verificacion.md
IA/SDD/IA.SDD.Documentacion/PROMPTs/Fixs/05-Fix-Reporte-27/OUTPUTs/Mesa-2026-09-12-Colision-Lexica/03-Informe-Terminologia.md
IA/SDD/IA.SDD.Documentacion/PROMPTs/Fixs/05-Fix-Reporte-27/OUTPUTs/Mesa-2026-09-12-Colision-Lexica/05-Informe-Refutador.md
IA/SDD/IA.SDD.Documentacion/PROMPTs/Fixs/05-Fix-Reporte-27/OUTPUTs/Mesa-2026-09-12-Colision-Lexica/00-Contrato-De-Entrada.md
IA/SDD/IA.SDD.Documentacion/PROMPTs/Fixs/05-Fix-Reporte-27/OUTPUTs/Mesa-2026-09-12-Colision-Lexica/04-Informe-Lector-Sin-Contexto.md
IA/SDD/IA.SDD.Documentacion/PROMPTs/Fixs/05-Fix-Reporte-27/OUTPUTs/Mesa-2026-09-12-Colision-Lexica/06-Plan-Y-Cierre.md
IA/SDD/IA.SDD.Documentacion/PROMPTs/Fixs/06-Fix-Reporte-28/OUTPUTs/00-Verificacion-De-Citas-Y-Recuentos.md
IA/SDD/IA.SDD.Documentacion/PROMPTs/Fixs/06-Fix-Reporte-28/Fix-Analizar-Reporte-28.md
IA/SDD/IA.SDD.Documentacion/Reportes/README.md
IA/SDD/IA.SDD.Documentacion/Reportes/28-La-Afirmacion-De-Colision-Lexica-No-Tiene-Compuerta-Ni-Regla-Que-La-Alcance.md
IA/SDD/IA.SDD.Documentacion/Reportes/27-La-Especificacion-No-Se-Puede-Correlacionar-Con-El-Ciclo-Que-La-Produjo.md
== «expediente» en Lab-Geometria main: ocurrencias
main:evidencia/2026-09-02-mesa-ux/README.md:1
